RUNNING ON TEST: tests/test03.in
det (A) =  168.000
det(A)*A^-1:
  -44.00  -56.00  112.00  108.00  -56.00
  -42.00  -42.00   42.00    0.00   42.00
  -22.00   14.00   98.00   12.00  -70.00
   36.00    0.00    0.00  -12.00    0.00
   32.00   56.00 -112.00  -48.00   56.00
