RUNNING ON TEST: tests/test05.in
det (A) = -242.000
det(A)*A^-1:
  391.00   29.00 -113.00 -103.00
    2.00   28.00  -34.00  -16.00
  -45.00  -25.00   39.00   -3.00
 -158.00  -34.00   24.00   54.00
