RUNNING ON TEST: tests/test02.in
det (A) =   42.000
det(A)*A^-1:
  168.00  -42.00   -0.00   -0.00   -0.00    0.00
  -63.00   21.00    0.00    0.00    0.00   -0.00
   -0.00   -6.00   12.00    6.00   -0.00   -0.00
 -525.00  135.00  -18.00   12.00    0.00   -0.00
  931.00 -203.00  -98.00  -84.00  -14.00   70.00
  959.00 -199.00 -148.00 -102.00  -28.00   98.00
