RUNNING ON TEST: tests/test04.in
det (A) =  -99.000
det(A)*A^-1:
   18.00  -45.00   -0.00   -0.00   -0.00   -0.00
   -0.00   -0.00  -33.00   11.00   -0.00   -0.00
   -0.00   -0.00  -66.00   55.00   -0.00   -0.00
   27.00  -18.00   -0.00   -0.00   -0.00   -0.00
    0.00    0.00    0.00    0.00 -396.00  495.00
   -0.00   -0.00   -0.00   -0.00  297.00 -396.00
