RUNNING ON TEST: tests/test01.in
det (A) =   -4.000
det(A)*A^-1:
   10.00   -6.00   -0.00    0.00   -0.00
   -8.00    4.00    0.00   -0.00    0.00
  144.00  -58.00  -24.00   14.00   -2.00
 -138.00   46.00   32.00  -24.00    4.00
   40.00  -10.00  -12.00   10.00   -2.00
