RUNNING ON TEST: tests/test02.in
SIMPLE ITERATION:
K = 35
-1.000 -2.000 1.000 
ZEIDEL:
K = 13
-1.000 -2.000 1.000 

