RUNNING ON TEST: tests/test03.in
SIMPLE ITERATION:
K = 17
0.679 -0.663 -0.951 0.821 
ZEIDEL:
K = 6
0.679 -0.663 -0.951 0.821 

