RUNNING ON TEST: tests/test01.in
SIMPLE ITERATION:
K = 17
-1.000 -1.000 -1.000 
ZEIDEL:
K = 9
-1.000 -1.000 -1.000 

